ERROR: lib/main.dart:622:5: Error: Expected a declaration, but got ','.
ERROR: lib/main.dart:623:7: Error: Variables must be declared using the keywords 'const', 'final', 'var' or a type name.
ERROR: lib/main.dart:623:7: Error: Expected ';' after this.
ERROR: lib/main.dart:623:12: Error: Expected a declaration, but got ':'.
ERROR: lib/main.dart:623:14: Error: Expected a declaration, but got ''TydChronos Wallet''.
ERROR: lib/main.dart:623:33: Error: Expected a declaration, but got ','.
ERROR: lib/main.dart:624:7: Error: Variables must be declared using the keywords 'const', 'final', 'var' or a type name.
ERROR: lib/main.dart:624:7: Error: Expected ';' after this.
ERROR: lib/main.dart:624:12: Error: Expected a declaration, but got ':'.
ERROR: lib/main.dart:624:36: Error: Expected '{' before this.
ERROR: lib/main.dart:624:36: Error: Expected a declaration, but got ','.
ERROR: lib/main.dart:625:7: Error: Variables must be declared using the keywords 'const', 'final', 'var' or a type name.
ERROR: lib/main.dart:625:7: Error: Expected ';' after this.
ERROR: lib/main.dart:625:11: Error: Expected a declaration, but got ':'.
ERROR: lib/main.dart:625:13: Error: Can't have modifier 'const' here.
ERROR: lib/main.dart:625:33: Error: Expected '{' before this.
ERROR: lib/main.dart:625:33: Error: Expected a declaration, but got ','.
ERROR: lib/main.dart:626:7: Error: Variables must be declared using the keywords 'const', 'final', 'var' or a type name.
ERROR: lib/main.dart:626:7: Error: Expected ';' after this.
ERROR: lib/main.dart:626:33: Error: Expected a declaration, but got ':'.
ERROR: lib/main.dart:626:35: Error: Variables must be declared using the keywords 'const', 'final', 'var' or a type name.
ERROR: lib/main.dart:626:35: Error: 'false' can't be used as an identifier because it's a keyword.
ERROR: lib/main.dart:627:5: Error: Expected an identifier, but got ')'.
ERROR: lib/main.dart:628:3: Error: Expected a declaration, but got '}'.
ERROR: lib/main.dart:630:13: Error: '_buildBlackGoldTheme' is already declared in this scope.
ERROR: lib/main.dart:655:1: Error: Expected a declaration, but got '}'.
ERROR: lib/main.dart:722:7: Error: 'SplashScreen' is already declared in this scope.
ERROR: lib/main.dart:726:9: Error: 'SplashScreen' isn't a type.
ERROR: lib/main.dart:729:40: Error: 'SplashScreen' isn't a type.
ERROR: lib/main.dart:3766:38: Error: Type 'MyHomePage' not found.
ERROR: lib/main.dart:3767:9: Error: Type 'DAppBridgeService' not found.
ERROR: lib/services/dapp_integration_simple.dart:7:10: Error: Type 'Widget' not found.
ERROR: lib/services/dapp_integration_simple.dart:7:25: Error: Type 'Widget' not found.
ERROR: lib/services/dapp_integration_simple.dart:7:39: Error: Type 'BuildContext' not found.
ERROR: lib/services/dapp_integration_simple.dart:17:10: Error: Type 'Widget' not found.
ERROR: lib/services/dapp_integration_simple.dart:17:37: Error: Type 'Widget' not found.
ERROR: lib/services/dapp_integration_simple.dart:17:51: Error: Type 'BuildContext' not found.
ERROR: lib/main.dart:576:22: Error: Cannot invoke a non-'const' constructor where a const expression is expected.
ERROR: lib/main.dart:618:14: Error: Can't use '_buildBlackGoldTheme' because it is declared more than once.
ERROR: lib/main.dart:619:19: Error: Couldn't find constructor 'SplashScreen'.
ERROR: lib/main.dart:3767:9: Error: 'DAppBridgeService' isn't a type.
ERROR: lib/main.dart:3767:41: Error: Method not found: 'DAppBridgeService'.
ERROR: lib/main.dart:3800:7: Error: Expected an identifier, but got 'if'.
ERROR: lib/main.dart:3800:7: Error: Expected ')' before this.
ERROR: lib/main.dart:3796:20: Error: Too many positional arguments: 0 allowed, but 1 found.
ERROR: lib/services/dapp_integration_simple.dart:7:25: Error: 'Widget' isn't a type.
ERROR: lib/services/dapp_integration_simple.dart:7:39: Error: 'BuildContext' isn't a type.
ERROR: lib/services/dapp_integration_simple.dart:17:37: Error: 'Widget' isn't a type.
ERROR: lib/services/dapp_integration_simple.dart:17:51: Error: 'BuildContext' isn't a type.
